{
    "xeniumranger import-segmentation": {
        "content": [
            [
                "versions.yml:md5,d76e870d71abf94ed9ae972a08b83f63"
            ],
            [
                "dispersion.csv:md5,e8b1abb880ece8fb730ce34a15f958b4",
                "features_selected.csv:md5,c5e32d69f001f938ed316d2108a21e00",
                "cell_feature_matrix.h5:md5,96cb400f1b1dd6f8796daea0ad5c74e6",
                "barcodes.tsv.gz:md5,04ea06796d6b28517c288904ca043582",
                "features.tsv.gz:md5,7862242129681900a9cc4086dc83b62e",
                "matrix.mtx.gz:md5,489f86fbd8d65d6b973bb9cc7c5a76f1",
                "gene_panel.json:md5,8890dd5fd90706e751554ac3fdfdedde",
                "morphology.ome.tif:md5,6b65fff28a38a001b8f25061737fbf9b",
                "morphology_focus_0000.ome.tif:md5,90e796ad634d14e62cf2ebcadf2eaf98"
            ]
        ],
        "meta": {
            "nf-test": "0.9.0",
            "nextflow": "24.04.4"
        },
        "timestamp": "2024-10-30T00:13:13.575888"
    },
    "xeniumranger import-segmentation nuclei npy": {
        "content": [
            [
                "versions.yml:md5,063a1e5a49d24bdb9c7205d9a9232fdb"
            ],
            [
                "/",
                "w",
                "o",
                "r",
                "k",
                "s",
                "p",
                "a",
                "c",
                "e",
                "/",
                "m",
                "o",
                "d",
                "u",
                "l",
                "e",
                "s",
                "/",
                ".",
                "n",
                "f",
                "-",
                "t",
                "e",
                "s",
                "t",
                "/",
                "t",
                "e",
                "s",
                "t",
                "s",
                "/",
                "d",
                "4",
                "4",
                "d",
                "f",
                "0",
                "4",
                "e",
                "1",
                "5",
                "6",
                "5",
                "8",
                "d",
                "9",
                "2",
                "a",
                "f",
                "5",
                "1",
                "0",
                "c",
                "0",
                "1",
                "4",
                "e",
                "d",
                "7",
                "f",
                "b",
                "3",
                "c",
                "/",
                "w",
                "o",
                "r",
                "k",
                "/",
                "3",
                "c",
                "/",
                "f",
                "7",
                "1",
                "0",
                "9",
                "5",
                "f",
                "9",
                "1",
                "6",
                "2",
                "e",
                "a",
                "c",
                "9",
                "8",
                "1",
                "7",
                "2",
                "4",
                "f",
                "9",
                "1",
                "6",
                "8",
                "5",
                "b",
                "1",
                "c",
                "9",
                "/",
                "t",
                "e",
                "s",
                "t",
                "_",
                "x",
                "e",
                "n",
                "i",
                "u",
                "m",
                "r",
                "a",
                "n",
                "g",
                "e",
                "r",
                "_",
                "i",
                "m",
                "p",
                "o",
                "r",
                "t",
                "_",
                "s",
                "e",
                "g",
                "m",
                "e",
                "n",
                "t",
                "a",
                "t",
                "i",
                "o",
                "n",
                "/",
                "o",
                "u",
                "t",
                "s"
            ]
        ],
        "meta": {
            "nf-test": "0.9.2",
            "nextflow": "24.10.6"
        },
        "timestamp": "2025-05-02T00:41:51.375690482"
    },
    "xeniumranger import-segmentation segmentation csv": {
        "content": [
            [
                "versions.yml:md5,d76e870d71abf94ed9ae972a08b83f63"
            ],
            [
                "dispersion.csv:md5,e8b1abb880ece8fb730ce34a15f958b4",
                "features_selected.csv:md5,c5e32d69f001f938ed316d2108a21e00",
                "cell_feature_matrix.h5:md5,5d74ea595561e0300b6c3e5ec8d06fff",
                "barcodes.tsv.gz:md5,97496a9b448d9380cff0575b8e7a6f57",
                "features.tsv.gz:md5,7862242129681900a9cc4086dc83b62e",
                "matrix.mtx.gz:md5,f93ed82a2a74c154392fc6237642f1d2",
                "gene_panel.json:md5,8890dd5fd90706e751554ac3fdfdedde",
                "morphology.ome.tif:md5,6b65fff28a38a001b8f25061737fbf9b",
                "morphology_focus_0000.ome.tif:md5,90e796ad634d14e62cf2ebcadf2eaf98"
            ]
        ],
        "meta": {
            "nf-test": "0.9.0",
            "nextflow": "24.04.4"
        },
        "timestamp": "2024-10-29T23:22:58.158857"
    },
    "xeniumranger import-segmentation stub": {
        "content": [
            {
                "0": [
                    
                ],
                "1": [
                    
                ],
                "bundle": [
                    
                ],
                "versions": [
                    
                ]
            }
        ],
        "meta": {
            "nf-test": "0.9.2",
            "nextflow": "24.10.6"
        },
        "timestamp": "2025-05-02T00:30:31.371781976"
    },
    "xeniumranger import-segmentation nuclei tif": {
        "content": [
            [
                "versions.yml:md5,d76e870d71abf94ed9ae972a08b83f63"
            ],
            [
                "dispersion.csv:md5,e8b1abb880ece8fb730ce34a15f958b4",
                "features_selected.csv:md5,c5e32d69f001f938ed316d2108a21e00",
                "cell_feature_matrix.h5:md5,96cb400f1b1dd6f8796daea0ad5c74e6",
                "barcodes.tsv.gz:md5,04ea06796d6b28517c288904ca043582",
                "features.tsv.gz:md5,7862242129681900a9cc4086dc83b62e",
                "matrix.mtx.gz:md5,489f86fbd8d65d6b973bb9cc7c5a76f1",
                "gene_panel.json:md5,8890dd5fd90706e751554ac3fdfdedde",
                "morphology.ome.tif:md5,6b65fff28a38a001b8f25061737fbf9b",
                "morphology_focus_0000.ome.tif:md5,90e796ad634d14e62cf2ebcadf2eaf98"
            ]
        ],
        "meta": {
            "nf-test": "0.9.0",
            "nextflow": "24.04.4"
        },
        "timestamp": "2024-10-29T23:11:37.18721"
    }
}