{
    "xeniumranger rename stub": {
        "content": [
            {
                "0": [
                    [
                        {
                            "id": "test_xeniumranger_rename"
                        },
                        [
                            "fake_file.txt:md5,d41d8cd98f00b204e9800998ecf8427e"
                        ]
                    ]
                ],
                "1": [
                    "versions.yml:md5,992ecc2b5940913a6f8e6f0e43475761"
                ],
                "bundle": [
                    [
                        {
                            "id": "test_xeniumranger_rename"
                        },
                        [
                            "fake_file.txt:md5,d41d8cd98f00b204e9800998ecf8427e"
                        ]
                    ]
                ],
                "versions": [
                    "versions.yml:md5,992ecc2b5940913a6f8e6f0e43475761"
                ]
            }
        ],
        "meta": {
            "nf-test": "0.9.2",
            "nextflow": "24.10.6"
        },
        "timestamp": "2025-05-01T22:43:21.765405284"
    },
    "xeniumranger rename": {
        "content": [
            [
                "versions.yml:md5,992ecc2b5940913a6f8e6f0e43475761"
            ],
            [
                "/",
                "w",
                "o",
                "r",
                "k",
                "s",
                "p",
                "a",
                "c",
                "e",
                "/",
                "m",
                "o",
                "d",
                "u",
                "l",
                "e",
                "s",
                "/",
                ".",
                "n",
                "f",
                "-",
                "t",
                "e",
                "s",
                "t",
                "/",
                "t",
                "e",
                "s",
                "t",
                "s",
                "/",
                "8",
                "9",
                "b",
                "0",
                "9",
                "c",
                "e",
                "7",
                "5",
                "c",
                "1",
                "6",
                "7",
                "c",
                "d",
                "e",
                "9",
                "4",
                "e",
                "4",
                "f",
                "0",
                "d",
                "4",
                "8",
                "1",
                "6",
                "c",
                "7",
                "d",
                "4",
                "2",
                "/",
                "w",
                "o",
                "r",
                "k",
                "/",
                "3",
                "8",
                "/",
                "8",
                "2",
                "7",
                "0",
                "e",
                "5",
                "2",
                "e",
                "0",
                "8",
                "9",
                "0",
                "8",
                "a",
                "d",
                "9",
                "1",
                "f",
                "a",
                "d",
                "4",
                "f",
                "3",
                "5",
                "8",
                "5",
                "b",
                "c",
                "1",
                "d",
                "/",
                "t",
                "e",
                "s",
                "t",
                "_",
                "x",
                "e",
                "n",
                "i",
                "u",
                "m",
                "r",
                "a",
                "n",
                "g",
                "e",
                "r",
                "_",
                "r",
                "e",
                "n",
                "a",
                "m",
                "e",
                "/",
                "o",
                "u",
                "t",
                "s"
            ]
        ],
        "meta": {
            "nf-test": "0.9.2",
            "nextflow": "24.10.6"
        },
        "timestamp": "2025-05-02T01:00:17.474770445"
    }
}