{
    "proseg - transcripts.csv": {
        "content": [
            {
                "0": [
                    
                ],
                "1": [
                    
                ],
                "2": [
                    
                ],
                "3": [
                    
                ],
                "4": [
                    
                ],
                "5": [
                    
                ],
                "6": [
                    
                ],
                "7": [
                    
                ],
                "8": [
                    
                ],
                "cell_hulls": [
                    
                ],
                "cell_metadata": [
                    
                ],
                "cell_polygons_2d": [
                    
                ],
                "cell_polygons_layers": [
                    
                ],
                "expected_counts": [
                    
                ],
                "gene_metadata": [
                    
                ],
                "rates": [
                    
                ],
                "transcript_metadata": [
                    
                ],
                "versions": [
                    
                ]
            }
        ],
        "meta": {
            "nf-test": "0.8.4",
            "nextflow": "23.10.1"
        },
        "timestamp": "2025-03-26T23:06:28.825577"
    },
    "proseg stub": {
        "content": [
            {
                "0": [
                    
                ],
                "1": [
                    
                ],
                "2": [
                    
                ],
                "3": [
                    
                ],
                "4": [
                    
                ],
                "5": [
                    
                ],
                "6": [
                    
                ],
                "7": [
                    
                ],
                "8": [
                    
                ],
                "cell_hulls": [
                    
                ],
                "cell_metadata": [
                    
                ],
                "cell_polygons_2d": [
                    
                ],
                "cell_polygons_layers": [
                    
                ],
                "expected_counts": [
                    
                ],
                "gene_metadata": [
                    
                ],
                "rates": [
                    
                ],
                "transcript_metadata": [
                    
                ],
                "versions": [
                    
                ]
            }
        ],
        "meta": {
            "nf-test": "0.8.4",
            "nextflow": "23.10.1"
        },
        "timestamp": "2025-03-26T23:07:21.655526"
    }
}