{
    "xeniumranger resegment stub": {
        "content": [
            {
                "0": [
                    [
                        {
                            "id": "test_xeniumranger_resegment"
                        },
                        [
                            "fake_file.txt:md5,d41d8cd98f00b204e9800998ecf8427e"
                        ]
                    ]
                ],
                "1": [
                    "versions.yml:md5,763a3671311935789b7784fbaa85b5ef"
                ],
                "bundle": [
                    [
                        {
                            "id": "test_xeniumranger_resegment"
                        },
                        [
                            "fake_file.txt:md5,d41d8cd98f00b204e9800998ecf8427e"
                        ]
                    ]
                ],
                "versions": [
                    "versions.yml:md5,763a3671311935789b7784fbaa85b5ef"
                ]
            }
        ],
        "meta": {
            "nf-test": "0.9.2",
            "nextflow": "24.10.6"
        },
        "timestamp": "2025-05-01T23:59:27.791241159"
    }
}